// Jest Snapshot v1, https://goo.gl/fbAQLP

exports[`DateTextInput test tests DateTextInput renders correctly  1`] = `
<input
  className="css-11x0wte"
  type="date"
/>
`;
