// Jest Snapshot v1, https://goo.gl/fbAQLP

exports[`PasswordTextInput test tests PasswordTextInput renders correctly  1`] = `
<div
  className="css-11rj2d3"
>
  <label
    htmlFor="password-input"
    onClick={[Function]}
  >
    <img />
  </label>
  <input
    name="password-input"
    type="password"
  />
</div>
`;
