// Jest Snapshot v1, https://goo.gl/fbAQLP

exports[`PasswordTextInput test tests PasswordTextInput renders correctly  1`] = `
<div
  className="css-cqgv7n"
>
  <input
    className="css-1puhmno"
    name="password-input"
    onChange={[Function]}
    type="password"
    value=""
  />
</div>
`;
