// Jest Snapshot v1, https://goo.gl/fbAQLP

exports[`BasicButton test tests BasicButton renders correctly  1`] = `
<button
  className="css-19dsy0"
/>
`;
